<?xml version="1.0" encoding="UTF-8"?>
<testsuites name="Mocha Tests" time="0.017" tests="6" failures="6">
  <testsuite name="Root Suite" timestamp="2024-10-22T09:14:10" tests="0" time="0.000" failures="0">
  </testsuite>
  <testsuite name="Password Generator Tests" timestamp="2024-10-22T09:14:10" tests="6" file="C:\Users\Asus\Documents\Teknologi Web\Tekweb_prak4\web-technology-mid-test-LilyPutriAndini\test\test.js" time="0.016" failures="6">
    <testcase name="Password Generator Tests should generate a password of the specified length" time="0.000" classname="should generate a password of the specified length">
      <failure message="generatePassword is not a function" type="TypeError"><![CDATA[TypeError: generatePassword is not a function
    at Context.<anonymous> (test\/test.js:21:26)
    at processImmediate (node:internal/timers:483:21)]]></failure>
    </testcase>
    <testcase name="Password Generator Tests should contain uppercase letters if selected" time="0.000" classname="should contain uppercase letters if selected">
      <failure message="generatePassword is not a function" type="TypeError"><![CDATA[TypeError: generatePassword is not a function
    at Context.<anonymous> (test\/test.js:31:26)
    at processImmediate (node:internal/timers:483:21)]]></failure>
    </testcase>
    <testcase name="Password Generator Tests should contain lowercase letters if selected" time="0.000" classname="should contain lowercase letters if selected">
      <failure message="generatePassword is not a function" type="TypeError"><![CDATA[TypeError: generatePassword is not a function
    at Context.<anonymous> (test\/test.js:41:26)
    at processImmediate (node:internal/timers:483:21)]]></failure>
    </testcase>
    <testcase name="Password Generator Tests should contain numbers if selected" time="0.000" classname="should contain numbers if selected">
      <failure message="generatePassword is not a function" type="TypeError"><![CDATA[TypeError: generatePassword is not a function
    at Context.<anonymous> (test\/test.js:51:26)
    at processImmediate (node:internal/timers:483:21)]]></failure>
    </testcase>
    <testcase name="Password Generator Tests should contain special characters if selected" time="0.001" classname="should contain special characters if selected">
      <failure message="generatePassword is not a function" type="TypeError"><![CDATA[TypeError: generatePassword is not a function
    at Context.<anonymous> (test\/test.js:61:26)
    at processImmediate (node:internal/timers:483:21)]]></failure>
    </testcase>
    <testcase name="Password Generator Tests should throw an error if no character type is selected" time="0.002" classname="should throw an error if no character type is selected">
      <failure message="expected [Function] to throw error including &apos;At least one character type must be s…&apos; but got &apos;generatePassword is not a function&apos;" type="AssertionError"><![CDATA[AssertionError: expected [Function] to throw error including 'At least one character type must be s…' but got 'generatePassword is not a function'
    at Context.<anonymous> (test\/test.js:76:21)
    at processImmediate (node:internal/timers:483:21)

      + expected - actual

      -generatePassword is not a function
      +At least one character type must be selected.
      ]]></failure>
    </testcase>
  </testsuite>
</testsuites>